
> antigravity@0.1.0 build
> next build

Ôû▓ Next.js 16.1.6 (Turbopack)
- Environments: .env.local

node.exe : ÔÜá The "middleware" file convention is deprecated.
 Please use "proxy" instead. Learn more: https://nextjs.org/do
cs/messages/middleware-to-proxy
At line:1 char:1
+ & "C:\Program Files\nodejs/node.exe" "C:\Program Files\nodej
s/node_mo ...
+ ~~~~~~~~~~~~~~~~~~~~~~~~~~~~~~~~~~~~~~~~~~~~~~~~~~~~~~~~~~~~
~~~~~~~~~
    + CategoryInfo          : NotSpecified: (ÔÜá The "middle. 
   ..leware-to-proxy:String) [], RemoteException
    + FullyQualifiedErrorId : NativeCommandError
 
  Creating an optimized production build ...

> Build error occurred
Error: Turbopack build failed with 1 errors:
./src/components/dashboard/BoltWeeklySummary.tsx:2:10
Ecmascript file had an error
[0m [90m 1 |[39m [36mimport[39m { [33mTrendingUp[39m[3
3m,[39m [33mCalendar[39m[33m,[39m [33mArrowRight[39m[3
3m,[39m [33mEdit[39m[33m,[39m [33mTrash2[39m[33m,[39m
 [33mLoader2[39m } [36mfrom[39m [32m'lucide-react'[39m[
33m;[39m
[31m[1m>[22m[39m[90m 2 |[39m [36mimport[39m { useState
 } [36mfrom[39m [32m'react'[39m[33m;[39m
 [90m   |[39m          [31m[1m^[22m[39m[31m[1m^[22m[
39m[31m[1m^[22m[39m[31m[1m^[22m[39m[31m[1m^[22m[39
m[31m[1m^[22m[39m[31m[1m^[22m[39m[31m[1m^[22m[39m
 [90m 3 |[39m [36mimport[39m [33mLink[39m [36mfrom[39m
 [32m'next/link'[39m[33m;[39m
 [90m 4 |[39m [36mimport[39m { calculateHourlyRate } [36m
from[39m [32m'@/utils/calculations'[39m[33m;[39m
 [90m 5 |[39m [36mimport[39m { [33mDailyEntry[39m } [36
mfrom[39m [32m'@/app/dashboard/types'[39m[33m;[39m[0m

You're importing a component that needs `useState`. This React
 Hook only works in a Client Component. To fix, mark the file 
(or its parent) with the `"use client"` directive.

 Learn more: https://nextjs.org/docs/app/api-reference/directi
ves/use-client



Import trace:
  Server Component:
    ./src/components/dashboard/BoltWeeklySummary.tsx
    ./src/app/dashboard/page.tsx


    at <unknown> (./src/components/dashboard/BoltWeeklySummary
.tsx:2:10)
